Archive member included to satisfy reference by file (symbol)

C:/ST/STM32CubeIDE_1.18.1/STM32CubeIDE/plugins/com.st.stm32cube.ide.mcu.externaltools.gnu-tools-for-stm32.13.3.rel1.win32_1.0.0.202411081344/tools/bin/../lib/gcc/arm-none-eabi/13.3.1/../../../../arm-none-eabi/lib/thumb/v8-m.main+fp/hard\libc_nano.a(libc_a-exit.o)
                              C:/ST/STM32CubeIDE_1.18.1/STM32CubeIDE/plugins/com.st.stm32cube.ide.mcu.externaltools.gnu-tools-for-stm32.13.3.rel1.win32_1.0.0.202411081344/tools/bin/../lib/gcc/arm-none-eabi/13.3.1/../../../../arm-none-eabi/lib/thumb/v8-m.main+fp/hard/crt0.o (exit)
C:/ST/STM32CubeIDE_1.18.1/STM32CubeIDE/plugins/com.st.stm32cube.ide.mcu.externaltools.gnu-tools-for-stm32.13.3.rel1.win32_1.0.0.202411081344/tools/bin/../lib/gcc/arm-none-eabi/13.3.1/../../../../arm-none-eabi/lib/thumb/v8-m.main+fp/hard\libc_nano.a(libc_a-findfp.o)
                              C:/ST/STM32CubeIDE_1.18.1/STM32CubeIDE/plugins/com.st.stm32cube.ide.mcu.externaltools.gnu-tools-for-stm32.13.3.rel1.win32_1.0.0.202411081344/tools/bin/../lib/gcc/arm-none-eabi/13.3.1/../../../../arm-none-eabi/lib/thumb/v8-m.main+fp/hard\libc_nano.a(libc_a-exit.o) (__stdio_exit_handler)
C:/ST/STM32CubeIDE_1.18.1/STM32CubeIDE/plugins/com.st.stm32cube.ide.mcu.externaltools.gnu-tools-for-stm32.13.3.rel1.win32_1.0.0.202411081344/tools/bin/../lib/gcc/arm-none-eabi/13.3.1/../../../../arm-none-eabi/lib/thumb/v8-m.main+fp/hard\libc_nano.a(libc_a-fwalk.o)
                              C:/ST/STM32CubeIDE_1.18.1/STM32CubeIDE/plugins/com.st.stm32cube.ide.mcu.externaltools.gnu-tools-for-stm32.13.3.rel1.win32_1.0.0.202411081344/tools/bin/../lib/gcc/arm-none-eabi/13.3.1/../../../../arm-none-eabi/lib/thumb/v8-m.main+fp/hard\libc_nano.a(libc_a-findfp.o) (_fwalk_sglue)
C:/ST/STM32CubeIDE_1.18.1/STM32CubeIDE/plugins/com.st.stm32cube.ide.mcu.externaltools.gnu-tools-for-stm32.13.3.rel1.win32_1.0.0.202411081344/tools/bin/../lib/gcc/arm-none-eabi/13.3.1/../../../../arm-none-eabi/lib/thumb/v8-m.main+fp/hard\libc_nano.a(libc_a-stdio.o)
                              C:/ST/STM32CubeIDE_1.18.1/STM32CubeIDE/plugins/com.st.stm32cube.ide.mcu.externaltools.gnu-tools-for-stm32.13.3.rel1.win32_1.0.0.202411081344/tools/bin/../lib/gcc/arm-none-eabi/13.3.1/../../../../arm-none-eabi/lib/thumb/v8-m.main+fp/hard\libc_nano.a(libc_a-findfp.o) (__sread)
C:/ST/STM32CubeIDE_1.18.1/STM32CubeIDE/plugins/com.st.stm32cube.ide.mcu.externaltools.gnu-tools-for-stm32.13.3.rel1.win32_1.0.0.202411081344/tools/bin/../lib/gcc/arm-none-eabi/13.3.1/../../../../arm-none-eabi/lib/thumb/v8-m.main+fp/hard\libc_nano.a(libc_a-memset.o)
                              C:/ST/STM32CubeIDE_1.18.1/STM32CubeIDE/plugins/com.st.stm32cube.ide.mcu.externaltools.gnu-tools-for-stm32.13.3.rel1.win32_1.0.0.202411081344/tools/bin/../lib/gcc/arm-none-eabi/13.3.1/../../../../arm-none-eabi/lib/thumb/v8-m.main+fp/hard/crt0.o (memset)
C:/ST/STM32CubeIDE_1.18.1/STM32CubeIDE/plugins/com.st.stm32cube.ide.mcu.externaltools.gnu-tools-for-stm32.13.3.rel1.win32_1.0.0.202411081344/tools/bin/../lib/gcc/arm-none-eabi/13.3.1/../../../../arm-none-eabi/lib/thumb/v8-m.main+fp/hard\libc_nano.a(libc_a-closer.o)
                              C:/ST/STM32CubeIDE_1.18.1/STM32CubeIDE/plugins/com.st.stm32cube.ide.mcu.externaltools.gnu-tools-for-stm32.13.3.rel1.win32_1.0.0.202411081344/tools/bin/../lib/gcc/arm-none-eabi/13.3.1/../../../../arm-none-eabi/lib/thumb/v8-m.main+fp/hard\libc_nano.a(libc_a-stdio.o) (_close_r)
C:/ST/STM32CubeIDE_1.18.1/STM32CubeIDE/plugins/com.st.stm32cube.ide.mcu.externaltools.gnu-tools-for-stm32.13.3.rel1.win32_1.0.0.202411081344/tools/bin/../lib/gcc/arm-none-eabi/13.3.1/../../../../arm-none-eabi/lib/thumb/v8-m.main+fp/hard\libc_nano.a(libc_a-reent.o)
                              C:/ST/STM32CubeIDE_1.18.1/STM32CubeIDE/plugins/com.st.stm32cube.ide.mcu.externaltools.gnu-tools-for-stm32.13.3.rel1.win32_1.0.0.202411081344/tools/bin/../lib/gcc/arm-none-eabi/13.3.1/../../../../arm-none-eabi/lib/thumb/v8-m.main+fp/hard\libc_nano.a(libc_a-closer.o) (errno)
C:/ST/STM32CubeIDE_1.18.1/STM32CubeIDE/plugins/com.st.stm32cube.ide.mcu.externaltools.gnu-tools-for-stm32.13.3.rel1.win32_1.0.0.202411081344/tools/bin/../lib/gcc/arm-none-eabi/13.3.1/../../../../arm-none-eabi/lib/thumb/v8-m.main+fp/hard\libc_nano.a(libc_a-impure.o)
                              C:/ST/STM32CubeIDE_1.18.1/STM32CubeIDE/plugins/com.st.stm32cube.ide.mcu.externaltools.gnu-tools-for-stm32.13.3.rel1.win32_1.0.0.202411081344/tools/bin/../lib/gcc/arm-none-eabi/13.3.1/../../../../arm-none-eabi/lib/thumb/v8-m.main+fp/hard\libc_nano.a(libc_a-reent.o) (_impure_ptr)
C:/ST/STM32CubeIDE_1.18.1/STM32CubeIDE/plugins/com.st.stm32cube.ide.mcu.externaltools.gnu-tools-for-stm32.13.3.rel1.win32_1.0.0.202411081344/tools/bin/../lib/gcc/arm-none-eabi/13.3.1/../../../../arm-none-eabi/lib/thumb/v8-m.main+fp/hard\libc_nano.a(libc_a-lseekr.o)
[...]
Memory Configuration

Name             Origin             Length             Attributes
RAM              0x20000000         0x000a0000         xrw
FLASH            0x08100000         0x00100000         xr
*default*        0x00000000         0xffffffff

Linker script and memory map

LOAD C:/ST/STM32CubeIDE_1.18.1/STM32CubeIDE/plugins/com.st.stm32cube.ide.mcu.externaltools.gnu-tools-for-stm32.13.3.rel1.win32_1.0.0.202411081344/tools/bin/../lib/gcc/arm-none-eabi/13.3.1/thumb/v8-m.main+fp/hard/crti.o
LOAD C:/ST/STM32CubeIDE_1.18.1/STM32CubeIDE/plugins/com.st.stm32cube.ide.mcu.externaltools.gnu-tools-for-stm32.13.3.rel1.win32_1.0.0.202411081344/tools/bin/../lib/gcc/arm-none-eabi/13.3.1/thumb/v8-m.main+fp/hard/crtbegin.o
LOAD C:/ST/STM32CubeIDE_1.18.1/STM32CubeIDE/plugins/com.st.stm32cube.ide.mcu.externaltools.gnu-tools-for-stm32.13.3.rel1.win32_1.0.0.202411081344/tools/bin/../lib/gcc/arm-none-eabi/13.3.1/../../../../arm-none-eabi/lib/thumb/v8-m.main+fp/hard/crt0.o
LOAD ./Core/Src/main.o
LOAD ./Core/Src/stm32h5xx_hal_msp.o
LOAD ./Core/Src/stm32h5xx_it.o
LOAD ./Core/Src/syscalls.o
LOAD ./Core/Src/sysmem.o
LOAD ./Core/Src/system_stm32h5xx.o
LOAD ./Core/Startup/startup_stm32h563zitx.o
LOAD ./Drivers/STM32H5xx_HAL_Driver/Src/stm32h5xx_hal.o
LOAD ./Drivers/STM32H5xx_HAL_Driver/Src/stm32h5xx_hal_cortex.o
LOAD ./Drivers/STM32H5xx_HAL_Driver/Src/stm32h5xx_hal_dma.o
LOAD ./Drivers/STM32H5xx_HAL_Driver/Src/stm32h5xx_hal_dma_ex.o
LOAD ./Drivers/STM32H5xx_HAL_Driver/Src/stm32h5xx_hal_exti.o
LOAD ./Drivers/STM32H5xx_HAL_Driver/Src/stm32h5xx_hal_flash.o
LOAD ./Drivers/STM32H5xx_HAL_Driver/Src/stm32h5xx_hal_flash_ex.o
LOAD ./Drivers/STM32H5xx_HAL_Driver/Src/stm32h5xx_hal_gpio.o
LOAD ./Drivers/STM32H5xx_HAL_Driver/Src/stm32h5xx_hal_icache.o
LOAD ./Drivers/STM32H5xx_HAL_Driver/Src/stm32h5xx_hal_pwr.o
LOAD ./Drivers/STM32H5xx_HAL_Driver/Src/stm32h5xx_hal_pwr_ex.o
LOAD ./Drivers/STM32H5xx_HAL_Driver/Src/stm32h5xx_hal_rcc.o
LOAD ./Drivers/STM32H5xx_HAL_Driver/Src/stm32h5xx_hal_rcc_ex.o
START GROUP
LOAD C:/ST/STM32CubeIDE_1.18.1/STM32CubeIDE/plugins/com.st.stm32cube.ide.mcu.externaltools.gnu-tools-for-stm32.13.3.rel1.win32_1.0.0.202411081344/tools/bin/../lib/gcc/arm-none-eabi/13.3.1/../../../../arm-none-eabi/lib/thumb/v8-m.main+fp/hard\libc_nano.a
LOAD C:/ST/STM32CubeIDE_1.18.1/STM32CubeIDE/plugins/com.st.stm32cube.ide.mcu.externaltools.gnu-tools-for-stm32.13.3.rel1.win32_1.0.0.202411081344/tools/bin/../lib/gcc/arm-none-eabi/13.3.1/../../../../arm-none-eabi/lib/thumb/v8-m.main+fp/hard\libm.a
END GROUP
START GROUP
LOAD C:/ST/STM32CubeIDE_1.18.1/STM32CubeIDE/plugins/com.st.stm32cube.ide.mcu.externaltools.gnu-tools-for-stm32.13.3.rel1.win32_1.0.0.202411081344/tools/bin/../lib/gcc/arm-none-eabi/13.3.1/thumb/v8-m.main+fp/hard\libgcc.a
LOAD C:/ST/STM32CubeIDE_1.18.1/STM32CubeIDE/plugins/com.st.stm32cube.ide.mcu.externaltools.gnu-tools-for-stm32.13.3.rel1.win32_1.0.0.202411081344/tools/bin/../lib/gcc/arm-none-eabi/13.3.1/../../../../arm-none-eabi/lib/thumb/v8-m.main+fp/hard\libc_nano.a
END GROUP
START GROUP
LOAD C:/ST/STM32CubeIDE_1.18.1/STM32CubeIDE/plugins/com.st.stm32cube.ide.mcu.externaltools.gnu-tools-for-stm32.13.3.rel1.win32_1.0.0.202411081344/tools/bin/../lib/gcc/arm-none-eabi/13.3.1/thumb/v8-m.main+fp/hard\libgcc.a
LOAD C:/ST/STM32CubeIDE_1.18.1/STM32CubeIDE/plugins/com.st.stm32cube.ide.mcu.externaltools.gnu-tools-for-stm32.13.3.rel1.win32_1.0.0.202411081344/tools/bin/../lib/gcc/arm-none-eabi/13.3.1/../../../../arm-none-eabi/lib/thumb/v8-m.main+fp/hard\libc_nano.a
LOAD C:/ST/STM32CubeIDE_1.18.1/STM32CubeIDE/plugins/com.st.stm32cube.ide.mcu.externaltools.gnu-tools-for-stm32.13.3.rel1.win32_1.0.0.202411081344/tools/bin/../lib/gcc/arm-none-eabi/13.3.1/../../../../arm-none-eabi/lib/thumb/v8-m.main+fp/hard\libnosys.a
END GROUP
START GROUP
LOAD C:/ST/STM32CubeIDE_1.18.1/STM32CubeIDE/plugins/com.st.stm32cube.ide.mcu.externaltools.gnu-tools-for-stm32.13.3.rel1.win32_1.0.0.202411081344/tools/bin/../lib/gcc/arm-none-eabi/13.3.1/thumb/v8-m.main+fp/hard\libgcc.a
LOAD C:/ST/STM32CubeIDE_1.18.1/STM32CubeIDE/plugins/com.st.stm32cube.ide.mcu.externaltools.gnu-tools-for-stm32.13.3.rel1.win32_1.0.0.202411081344/tools/bin/../lib/gcc/arm-none-eabi/13.3.1/../../../../arm-none-eabi/lib/thumb/v8-m.main+fp/hard\libc_nano.a
LOAD C:/ST/STM32CubeIDE_1.18.1/STM32CubeIDE/plugins/com.st.stm32cube.ide.mcu.externaltools.gnu-tools-for-stm32.13.3.rel1.win32_1.0.0.202411081344/tools/bin/../lib/gcc/arm-none-eabi/13.3.1/../../../../arm-none-eabi/lib/thumb/v8-m.main+fp/hard\libnosys.a
END GROUP
LOAD C:/ST/STM32CubeIDE_1.18.1/STM32CubeIDE/plugins/com.st.stm32cube.ide.mcu.externaltools.gnu-tools-for-stm32.13.3.rel1.win32_1.0.0.202411081344/tools/bin/../lib/gcc/arm-none-eabi/13.3.1/thumb/v8-m.main+fp/hard/crtend.o
LOAD C:/ST/STM32CubeIDE_1.18.1/STM32CubeIDE/plugins/com.st.stm32cube.ide.mcu.externaltools.gnu-tools-for-stm32.13.3.rel1.win32_1.0.0.202411081344/tools/bin/../lib/gcc/arm-none-eabi/13.3.1/thumb/v8-m.main+fp/hard/crtn.o
                0x200a0000                        _estack = (ORIGIN (RAM) + LENGTH (RAM))
                0x00000200                        _Min_Heap_Size = 0x200
                0x00000400                        _Min_Stack_Size = 0x400

.isr_vector     0x08100000      0x24c
                0x08100000                        . = ALIGN (0x4)
 *(.isr_vector)
 .isr_vector    0x08100000      0x24c ./Core/Startup/startup_stm32h563zitx.o
                0x08100000                g_pfnVectors
                0x0810024c                        . = ALIGN (0x4)

.text           0x0810024c     0x1a64
                0x0810024c                        . = ALIGN (0x4)
 *(.text)
 .text          0x0810024c       0x40 C:/ST/STM32CubeIDE_1.18.1/STM32CubeIDE/plugins/com.st.stm32cube.ide.mcu.externaltools.gnu-tools-for-stm32.13.3.rel1.win32_1.0.0.202411081344/tools/bin/../lib/gcc/arm-none-eabi/13.3.1/thumb/v8-m.main+fp/hard/crtbegin.o
 *(.text*)
 .text.main     0x0810028c       0x48 ./Core/Src/main.o
                0x0810028c                main
 .text.SystemClock_Config
                0x081002d4       0xe4 ./Core/Src/main.o
                0x081002d4                SystemClock_Config
 .text.MX_ICACHE_Init
                0x081003b8       0x26 ./Core/Src/main.o
 *fill*         0x081003de        0x2 
 .text.MX_GPIO_Init
                0x081003e0       0x68 ./Core/Src/main.o
 .text.Error_Handler
                0x08100448        0xc ./Core/Src/main.o
                0x08100448                Error_Handler
 .text.HAL_MspInit
                0x08100454        0xe ./Core/Src/stm32h5xx_hal_msp.o
                0x08100454                HAL_MspInit
 .text.NMI_Handler
                0x08100462        0x8 ./Core/Src/stm32h5xx_it.o
                0x08100462                NMI_Handler
 .text.HardFault_Handler
                0x0810046a        0x8 ./Core/Src/stm32h5xx_it.o
                0x0810046a                HardFault_Handler
 .text.MemManage_Handler
                0x08100472        0x8 ./Core/Src/stm32h5xx_it.o
                0x08100472                MemManage_Handler
 .text.BusFault_Handler
                0x0810047a        0x8 ./Core/Src/stm32h5xx_it.o
                0x0810047a                BusFault_Handler
 .text.UsageFault_Handler
                0x08100482        0x8 ./Core/Src/stm32h5xx_it.o
                0x08100482                UsageFault_Handler
 .text.SVC_Handler
                0x0810048a        0xe ./Core/Src/stm32h5xx_it.o
                0x0810048a                SVC_Handler
 .text.DebugMon_Handler
                0x08100498        0xe ./Core/Src/stm32h5xx_it.o
                0x08100498                DebugMon_Handler
 .text.PendSV_Handler
                0x081004a6        0xe ./Core/Src/stm32h5xx_it.o
                0x081004a6                PendSV_Handler
 .text.SysTick_Handler
                0x081004b4        0xc ./Core/Src/stm32h5xx_it.o
                0x081004b4                SysTick_Handler
 .text.SystemInit
                0x081004c0       0xf8 ./Core/Src/system_stm32h5xx.o
                0x081004c0                SystemInit
 .text.Reset_Handler
                0x081005b8       0x50 ./Core/Startup/startup_stm32h563zitx.o
                0x081005b8                Reset_Handler
 .text.Default_Handler
                0x08100608        0x2 ./Core/Startup/startup_stm32h563zitx.o
                0x08100608                EXTI2_IRQHandler
                0x08100608                TIM8_TRG_COM_IRQHandler
                0x08100608                TIM8_CC_IRQHandler
                0x08100608                EXTI5_IRQHandler
                0x08100608                I3C1_ER_IRQHandler
                0x08100608                UART8_IRQHandler
                0x08100608                SPI4_IRQHandler
                0x08100608                GPDMA2_Channel1_IRQHandler
                0x08100608                FLASH_S_IRQHandler
                0x08100608                EXTI13_IRQHandler
                0x08100608                TIM1_CC_IRQHandler
                0x08100608                GPDMA2_Channel3_IRQHandler
                0x08100608                TAMP_IRQHandler
                0x08100608                TIM6_IRQHandler
                0x08100608                EXTI12_IRQHandler
                0x08100608                CORDIC_IRQHandler
                0x08100608                USB_DRD_FS_IRQHandler
                0x08100608                EXTI3_IRQHandler
                0x08100608                LPTIM4_IRQHandler
                0x08100608                GPDMA1_Channel5_IRQHandler
                0x08100608                EXTI8_IRQHandler
                0x08100608                GPDMA2_Channel5_IRQHandler
                0x08100608                LPTIM2_IRQHandler
                0x08100608                I2C3_ER_IRQHandler
                0x08100608                GPDMA2_Channel2_IRQHandler
                0x08100608                USART10_IRQHandler
                0x08100608                LPTIM3_IRQHandler
                0x08100608                EXTI0_IRQHandler
                0x08100608                I2C2_EV_IRQHandler
                0x08100608                FPU_IRQHandler
                0x08100608                GPDMA1_Channel3_IRQHandler
                0x08100608                GPDMA1_Channel7_IRQHandler
                0x08100608                FDCAN1_IT1_IRQHandler
                0x08100608                RAMCFG_IRQHandler
                0x08100608                DCACHE1_IRQHandler
                0x08100608                SPI1_IRQHandler
                0x08100608                OCTOSPI1_IRQHandler
                0x08100608                GPDMA1_Channel2_IRQHandler
                0x08100608                TIM8_UP_IRQHandler
                0x08100608                RCC_S_IRQHandler
                0x08100608                SAI2_IRQHandler
                0x08100608                ADC1_IRQHandler
                0x08100608                USART6_IRQHandler
                0x08100608                EXTI15_IRQHandler
                0x08100608                TIM17_IRQHandler
                0x08100608                USART3_IRQHandler
                0x08100608                RTC_IRQHandler
                0x08100608                EXTI9_IRQHandler
                0x08100608                LPTIM5_IRQHandler
                0x08100608                UART5_IRQHandler
                0x08100608                TIM4_IRQHandler
                0x08100608                I2C1_EV_IRQHandler
                0x08100608                GPDMA1_Channel1_IRQHandler
                0x08100608                TIM16_IRQHandler
                0x08100608                UART4_IRQHandler
                0x08100608                SecureFault_Handler
                0x08100608                TIM3_IRQHandler
                0x08100608                RCC_IRQHandler
                0x08100608                UART9_IRQHandler
                0x08100608                TIM1_TRG_COM_IRQHandler
                0x08100608                Default_Handler
                0x08100608                FMAC_IRQHandler
                0x08100608                CEC_IRQHandler
                0x08100608                USART11_IRQHandler
                0x08100608                TIM14_IRQHandler
                0x08100608                TIM13_IRQHandler
                0x08100608                GPDMA2_Channel4_IRQHandler
                0x08100608                SPI5_IRQHandler
                0x08100608                TIM12_IRQHandler
                0x08100608                TIM7_IRQHandler
                0x08100608                SDMMC1_IRQHandler
                0x08100608                TIM5_IRQHandler
                0x08100608                UCPD1_IRQHandler
                0x08100608                GPDMA1_Channel0_IRQHandler
                0x08100608                I3C1_EV_IRQHandler
                0x08100608                TIM15_IRQHandler
                0x08100608                PVD_AVD_IRQHandler
                0x08100608                I2C3_EV_IRQHandler
                0x08100608                ETH_WKUP_IRQHandler
                0x08100608                ADC2_IRQHandler
                0x08100608                SPI2_IRQHandler
                0x08100608                EXTI14_IRQHandler
                0x08100608                EXTI11_IRQHandler
                0x08100608                CRS_IRQHandler
                0x08100608                EXTI4_IRQHandler
                0x08100608                GPDMA2_Channel0_IRQHandler
                0x08100608                RTC_S_IRQHandler
                0x08100608                RNG_IRQHandler
                0x08100608                FDCAN2_IT1_IRQHandler
                0x08100608                ETH_IRQHandler
                0x08100608                GPDMA2_Channel6_IRQHandler
                0x08100608                TIM1_UP_IRQHandler
                0x08100608                UART12_IRQHandler
                0x08100608                WWDG_IRQHandler
                0x08100608                SPI6_IRQHandler
                0x08100608                I2C4_EV_IRQHandler
                0x08100608                FDCAN2_IT0_IRQHandler
                0x08100608                IWDG_IRQHandler
                0x08100608                LPUART1_IRQHandler
                0x08100608                FDCAN1_IT0_IRQHandler
                0x08100608                TIM2_IRQHandler
                0x08100608                GPDMA1_Channel4_IRQHandler
                0x08100608                EXTI7_IRQHandler
                0x08100608                TIM1_BRK_IRQHandler
                0x08100608                EXTI1_IRQHandler
                0x08100608                SDMMC2_IRQHandler
                0x08100608                LPTIM6_IRQHandler
                0x08100608                DAC1_IRQHandler
                0x08100608                DTS_IRQHandler
                0x08100608                UART7_IRQHandler
                0x08100608                GTZC_IRQHandler
                0x08100608                USART2_IRQHandler
                0x08100608                GPDMA1_Channel6_IRQHandler
                0x08100608                GPDMA2_Channel7_IRQHandler
                0x08100608                I2C2_ER_IRQHandler
                0x08100608                TIM8_BRK_IRQHandler
                0x08100608                FLASH_IRQHandler
                0x08100608                USART1_IRQHandler
                0x08100608                EXTI10_IRQHandler
                0x08100608                SPI3_IRQHandler
                0x08100608                I2C1_ER_IRQHandler
                0x08100608                FMC_IRQHandler
                0x08100608                EXTI6_IRQHandler
                0x08100608                LPTIM1_IRQHandler
                0x08100608                DCMI_PSSI_IRQHandler
                0x08100608                I2C4_ER_IRQHandler
                0x08100608                ICACHE_IRQHandler
                0x08100608                SAI1_IRQHandler
                0x08100608                HASH_IRQHandler
 *fill*         0x0810060a        0x2 
 .text.HAL_Init
                0x0810060c       0x50 ./Drivers/STM32H5xx_HAL_Driver/Src/stm32h5xx_hal.o
                0x0810060c                HAL_Init
 .text.HAL_InitTick
                0x0810065c       0xec ./Drivers/STM32H5xx_HAL_Driver/Src/stm32h5xx_hal.o
                0x0810065c                HAL_InitTick
 .text.HAL_IncTick
                0x08100748       0x28 ./Drivers/STM32H5xx_HAL_Driver/Src/stm32h5xx_hal.o
                0x08100748                HAL_IncTick
 .text.HAL_GetTick
                0x08100770       0x18 ./Drivers/STM32H5xx_HAL_Driver/Src/stm32h5xx_hal.o
                0x08100770                HAL_GetTick
 .text.__NVIC_SetPriorityGrouping
                0x08100788       0x48 ./Drivers/STM32H5xx_HAL_Driver/Src/stm32h5xx_hal_cortex.o
 .text.__NVIC_GetPriorityGrouping
                0x081007d0       0x1c ./Drivers/STM32H5xx_HAL_Driver/Src/stm32h5xx_hal_cortex.o
 .text.__NVIC_SetPriority
                0x081007ec       0x54 ./Drivers/STM32H5xx_HAL_Driver/Src/stm32h5xx_hal_cortex.o
 .text.NVIC_EncodePriority
                0x08100840       0x66 ./Drivers/STM32H5xx_HAL_Driver/Src/stm32h5xx_hal_cortex.o
 .text.HAL_NVIC_SetPriorityGrouping
                0x081008a6       0x16 ./Drivers/STM32H5xx_HAL_Driver/Src/stm32h5xx_hal_cortex.o
                0x081008a6                HAL_NVIC_SetPriorityGrouping
 .text.HAL_NVIC_SetPriority
                0x081008bc       0x34 ./Drivers/STM32H5xx_HAL_Driver/Src/stm32h5xx_hal_cortex.o
                0x081008bc                HAL_NVIC_SetPriority
 .text.HAL_SYSTICK_Config
                0x081008f0       0x44 ./Drivers/STM32H5xx_HAL_Driver/Src/stm32h5xx_hal_cortex.o
                0x081008f0                HAL_SYSTICK_Config
 .text.HAL_SYSTICK_CLKSourceConfig
                0x08100934       0xb0 ./Drivers/STM32H5xx_HAL_Driver/Src/stm32h5xx_hal_cortex.o
                0x08100934                HAL_SYSTICK_CLKSourceConfig
 .text.HAL_SYSTICK_GetCLKSourceConfig
                0x081009e4       0x6c ./Drivers/STM32H5xx_HAL_Driver/Src/stm32h5xx_hal_cortex.o
                0x081009e4                HAL_SYSTICK_GetCLKSourceConfig
 .text.HAL_GPIO_Init
                0x08100a50      0x2bc ./Drivers/STM32H5xx_HAL_Driver/Src/stm32h5xx_hal_gpio.o
                0x08100a50                HAL_GPIO_Init
 .text.HAL_GPIO_WritePin
                0x08100d0c       0x30 ./Drivers/STM32H5xx_HAL_Driver/Src/stm32h5xx_hal_gpio.o
                0x08100d0c                HAL_GPIO_WritePin
 .text.HAL_GPIO_TogglePin
                0x08100d3c       0x34 ./Drivers/STM32H5xx_HAL_Driver/Src/stm32h5xx_hal_gpio.o
                0x08100d3c                HAL_GPIO_TogglePin
 .text.HAL_ICACHE_ConfigAssociativityMode
                0x08100d70       0x40 ./Drivers/STM32H5xx_HAL_Driver/Src/stm32h5xx_hal_icache.o
                0x08100d70                HAL_ICACHE_ConfigAssociativityMode
 .text.HAL_ICACHE_Enable
                0x08100db0       0x20 ./Drivers/STM32H5xx_HAL_Driver/Src/stm32h5xx_hal_icache.o
                0x08100db0                HAL_ICACHE_Enable
 .text.HAL_RCC_OscConfig
                0x08100dd0      0x870 ./Drivers/STM32H5xx_HAL_Driver/Src/stm32h5xx_hal_rcc.o
                0x08100dd0                HAL_RCC_OscConfig
 .text.HAL_RCC_ClockConfig
                0x08101640      0x370 ./Drivers/STM32H5xx_HAL_Driver/Src/stm32h5xx_hal_rcc.o
                0x08101640                HAL_RCC_ClockConfig
 .text.HAL_RCC_GetSysClockFreq
                0x081019b0      0x258 ./Drivers/STM32H5xx_HAL_Driver/Src/stm32h5xx_hal_rcc.o
                0x081019b0                HAL_RCC_GetSysClockFreq
 .text.HAL_RCC_GetHCLKFreq
                0x08101c08       0x38 ./Drivers/STM32H5xx_HAL_Driver/Src/stm32h5xx_hal_rcc.o
                0x08101c08                HAL_RCC_GetHCLKFreq
 .text.memset   0x08101c40       0x10 C:/ST/STM32CubeIDE_1.18.1/STM32CubeIDE/plugins/com.st.stm32cube.ide.mcu.externaltools.gnu-tools-for-stm32.13.3.rel1.win32_1.0.0.202411081344/tools/bin/../lib/gcc/arm-none-eabi/13.3.1/../../../../arm-none-eabi/lib/thumb/v8-m.main+fp/hard\libc_nano.a(libc_a-memset.o)
                0x08101c40                memset
 .text.__libc_init_array
                0x08101c50       0x48 C:/ST/STM32CubeIDE_1.18.1/STM32CubeIDE/plugins/com.st.stm32cube.ide.mcu.externaltools.gnu-tools-for-stm32.13.3.rel1.win32_1.0.0.202411081344/tools/bin/../lib/gcc/arm-none-eabi/13.3.1/../../../../arm-none-eabi/lib/thumb/v8-m.main+fp/hard\libc_nano.a(libc_a-init.o)
                0x08101c50                __libc_init_array
 *(.glue_7)
 .glue_7        0x08101c98        0x0 linker stubs
 *(.glue_7t)
 .glue_7t       0x08101c98        0x0 linker stubs
 *(.eh_frame)
 .eh_frame      0x08101c98        0x0 C:/ST/STM32CubeIDE_1.18.1/STM32CubeIDE/plugins/com.st.stm32cube.ide.mcu.externaltools.gnu-tools-for-stm32.13.3.rel1.win32_1.0.0.202411081344/tools/bin/../lib/gcc/arm-none-eabi/13.3.1/thumb/v8-m.main+fp/hard/crtbegin.o
 *(.init)
 .init          0x08101c98        0x4 C:/ST/STM32CubeIDE_1.18.1/STM32CubeIDE/plugins/com.st.stm32cube.ide.mcu.externaltools.gnu-tools-for-stm32.13.3.rel1.win32_1.0.0.202411081344/tools/bin/../lib/gcc/arm-none-eabi/13.3.1/thumb/v8-m.main+fp/hard/crti.o
                0x08101c98                _init
 .init          0x08101c9c        0x8 C:/ST/STM32CubeIDE_1.18.1/STM32CubeIDE/plugins/com.st.stm32cube.ide.mcu.externaltools.gnu-tools-for-stm32.13.3.rel1.win32_1.0.0.202411081344/tools/bin/../lib/gcc/arm-none-eabi/13.3.1/thumb/v8-m.main+fp/hard/crtn.o
 *(.fini)
 .fini          0x08101ca4        0x4 C:/ST/STM32CubeIDE_1.18.1/STM32CubeIDE/plugins/com.st.stm32cube.ide.mcu.externaltools.gnu-tools-for-stm32.13.3.rel1.win32_1.0.0.202411081344/tools/bin/../lib/gcc/arm-none-eabi/13.3.1/thumb/v8-m.main+fp/hard/crti.o
                0x08101ca4                _fini
 .fini          0x08101ca8        0x8 C:/ST/STM32CubeIDE_1.18.1/STM32CubeIDE/plugins/com.st.stm32cube.ide.mcu.externaltools.gnu-tools-for-stm32.13.3.rel1.win32_1.0.0.202411081344/tools/bin/../lib/gcc/arm-none-eabi/13.3.1/thumb/v8-m.main+fp/hard/crtn.o
                0x08101cb0                        . = ALIGN (0x4)
                0x08101cb0                        _etext = .

.vfp11_veneer   0x08101cb0        0x0
 .vfp11_veneer  0x08101cb0        0x0 linker stubs

.v4_bx          0x08101cb0        0x0
 .v4_bx         0x08101cb0        0x0 linker stubs

.iplt           0x08101cb0        0x0
 .iplt          0x08101cb0        0x0 C:/ST/STM32CubeIDE_1.18.1/STM32CubeIDE/plugins/com.st.stm32cube.ide.mcu.externaltools.gnu-tools-for-stm32.13.3.rel1.win32_1.0.0.202411081344/tools/bin/../lib/gcc/arm-none-eabi/13.3.1/thumb/v8-m.main+fp/hard/crtbegin.o

.rodata         0x08101cb0       0x10
                0x08101cb0                        . = ALIGN (0x4)
 *(.rodata)
 *(.rodata*)
 .rodata.AHBPrescTable
                0x08101cb0       0x10 ./Core/Src/system_stm32h5xx.o
                0x08101cb0                AHBPrescTable
                0x08101cc0                        . = ALIGN (0x4)

.ARM.extab      0x08101cc0        0x0
                0x08101cc0                        . = ALIGN (0x4)
 *(.ARM.extab* .gnu.linkonce.armextab.*)
                0x08101cc0                        . = ALIGN (0x4)

.ARM            0x08101cc0        0x0
                0x08101cc0                        . = ALIGN (0x4)
                0x08101cc0                        __exidx_start = .
 *(.ARM.exidx*)
                0x08101cc0                        __exidx_end = .
                0x08101cc0                        . = ALIGN (0x4)

.preinit_array  0x08101cc0        0x0
                0x08101cc0                        . = ALIGN (0x4)
                0x08101cc0                        PROVIDE (__preinit_array_start = .)
 *(.preinit_array*)
                0x08101cc0                        PROVIDE (__preinit_array_end = .)
                0x08101cc0                        . = ALIGN (0x4)

.init_array     0x08101cc0        0x4
                0x08101cc0                        . = ALIGN (0x4)
                0x08101cc0                        PROVIDE (__init_array_start = .)
 *(SORT_BY_NAME(.init_array.*))
 *(.init_array*)
 .init_array    0x08101cc0        0x4 C:/ST/STM32CubeIDE_1.18.1/STM32CubeIDE/plugins/com.st.stm32cube.ide.mcu.externaltools.gnu-tools-for-stm32.13.3.rel1.win32_1.0.0.202411081344/tools/bin/../lib/gcc/arm-none-eabi/13.3.1/thumb/v8-m.main+fp/hard/crtbegin.o
                0x08101cc4                        PROVIDE (__init_array_end = .)
                0x08101cc4                        . = ALIGN (0x4)

.fini_array     0x08101cc4        0x4
                0x08101cc4                        . = ALIGN (0x4)
                [!provide]                        PROVIDE (__fini_array_start = .)
 *(SORT_BY_NAME(.fini_array.*))
 *(.fini_array*)
 .fini_array    0x08101cc4        0x4 C:/ST/STM32CubeIDE_1.18.1/STM32CubeIDE/plugins/com.st.stm32cube.ide.mcu.externaltools.gnu-tools-for-stm32.13.3.rel1.win32_1.0.0.202411081344/tools/bin/../lib/gcc/arm-none-eabi/13.3.1/thumb/v8-m.main+fp/hard/crtbegin.o
                [!provide]                        PROVIDE (__fini_array_end = .)
                0x08101cc8                        . = ALIGN (0x4)
                0x08101cc8                        _sidata = LOADADDR (.data)

.rel.dyn        0x08101cc8        0x0
 .rel.iplt      0x08101cc8        0x0 C:/ST/STM32CubeIDE_1.18.1/STM32CubeIDE/plugins/com.st.stm32cube.ide.mcu.externaltools.gnu-tools-for-stm32.13.3.rel1.win32_1.0.0.202411081344/tools/bin/../lib/gcc/arm-none-eabi/13.3.1/thumb/v8-m.main+fp/hard/crtbegin.o

.data           0x20000000        0xc load address 0x08101cc8
                0x20000000                        . = ALIGN (0x4)
                0x20000000                        _sdata = .
 *(.data)
 *(.data*)
 .data.SystemCoreClock
                0x20000000        0x4 ./Core/Src/system_stm32h5xx.o
                0x20000000                SystemCoreClock
 .data.uwTickPrio
                0x20000004        0x4 ./Drivers/STM32H5xx_HAL_Driver/Src/stm32h5xx_hal.o
                0x20000004                uwTickPrio
 .data.uwTickFreq
                0x20000008        0x1 ./Drivers/STM32H5xx_HAL_Driver/Src/stm32h5xx_hal.o
                0x20000008                uwTickFreq
 *(.RamFunc)
 *(.RamFunc*)
                0x2000000c                        . = ALIGN (0x4)
 *fill*         0x20000009        0x3 
                0x2000000c                        _edata = .

.igot.plt       0x2000000c        0x0 load address 0x08101cd4
 .igot.plt      0x2000000c        0x0 C:/ST/STM32CubeIDE_1.18.1/STM32CubeIDE/plugins/com.st.stm32cube.ide.mcu.externaltools.gnu-tools-for-stm32.13.3.rel1.win32_1.0.0.202411081344/tools/bin/../lib/gcc/arm-none-eabi/13.3.1/thumb/v8-m.main+fp/hard/crtbegin.o
                0x2000000c                        . = ALIGN (0x4)

.bss            0x2000000c       0x20 load address 0x08101cd4
                0x2000000c                        _sbss = .
                0x2000000c                        __bss_start__ = _sbss
 *(.bss)
 .bss           0x2000000c       0x1c C:/ST/STM32CubeIDE_1.18.1/STM32CubeIDE/plugins/com.st.stm32cube.ide.mcu.externaltools.gnu-tools-for-stm32.13.3.rel1.win32_1.0.0.202411081344/tools/bin/../lib/gcc/arm-none-eabi/13.3.1/thumb/v8-m.main+fp/hard/crtbegin.o
 *(.bss*)
 .bss.uwTick    0x20000028        0x4 ./Drivers/STM32H5xx_HAL_Driver/Src/stm32h5xx_hal.o
                0x20000028                uwTick
 *(COMMON)
                0x2000002c                        . = ALIGN (0x4)
                0x2000002c                        _ebss = .
                0x2000002c                        __bss_end__ = _ebss

._user_heap_stack
                0x2000002c      0x604 load address 0x08101cd4
                0x20000030                        . = ALIGN (0x8)
 *fill*         0x2000002c        0x4 
                [!provide]                        PROVIDE (end = .)
                0x20000030                        PROVIDE (_end = .)
                0x20000230                        . = (. + _Min_Heap_Size)
 *fill*         0x20000030      0x200 
                0x20000630                        . = (. + _Min_Stack_Size)
 *fill*         0x20000230      0x400 
                0x20000630                        . = ALIGN (0x8)

/DISCARD/
 libc.a(*)
 libm.a(*)
 libgcc.a(*)

.ARM.attributes
                0x00000000       0x36
 *(.ARM.attributes)
 .ARM.attributes
                0x00000000       0x26 C:/ST/STM32CubeIDE_1.18.1/STM32CubeIDE/plugins/com.st.stm32cube.ide.mcu.externaltools.gnu-tools-for-stm32.13.3.rel1.win32_1.0.0.202411081344/tools/bin/../lib/gcc/arm-none-eabi/13.3.1/thumb/v8-m.main+fp/hard/crti.o
 .ARM.attributes
                0x00000026       0x38 C:/ST/STM32CubeIDE_1.18.1/STM32CubeIDE/plugins/com.st.stm32cube.ide.mcu.externaltools.gnu-tools-for-stm32.13.3.rel1.win32_1.0.0.202411081344/tools/bin/../lib/gcc/arm-none-eabi/13.3.1/thumb/v8-m.main+fp/hard/crtbegin.o
 .ARM.attributes
                0x0000005e       0x3a ./Core/Src/main.o
 .ARM.attributes
                0x00000098       0x3a ./Core/Src/stm32h5xx_hal_msp.o
 .ARM.attributes
                0x000000d2       0x3a ./Core/Src/stm32h5xx_it.o
 .ARM.attributes
                0x0000010c       0x3a ./Core/Src/system_stm32h5xx.o
 .ARM.attributes
                0x00000146       0x24 ./Core/Startup/startup_stm32h563zitx.o
 .ARM.attributes
                0x0000016a       0x3a ./Drivers/STM32H5xx_HAL_Driver/Src/stm32h5xx_hal.o
 .ARM.attributes
                0x000001a4       0x3a ./Drivers/STM32H5xx_HAL_Driver/Src/stm32h5xx_hal_cortex.o
 .ARM.attributes
                0x000001de       0x3a ./Drivers/STM32H5xx_HAL_Driver/Src/stm32h5xx_hal_gpio.o
 .ARM.attributes
                0x00000218       0x3a ./Drivers/STM32H5xx_HAL_Driver/Src/stm32h5xx_hal_icache.o
 .ARM.attributes
                0x00000252       0x3a ./Drivers/STM32H5xx_HAL_Driver/Src/stm32h5xx_hal_rcc.o
 .ARM.attributes
                0x0000028c       0x38 C:/ST/STM32CubeIDE_1.18.1/STM32CubeIDE/plugins/com.st.stm32cube.ide.mcu.externaltools.gnu-tools-for-stm32.13.3.rel1.win32_1.0.0.202411081344/tools/bin/../lib/gcc/arm-none-eabi/13.3.1/../../../../arm-none-eabi/lib/thumb/v8-m.main+fp/hard\libc_nano.a(libc_a-memset.o)
 .ARM.attributes
                0x000002c4       0x38 C:/ST/STM32CubeIDE_1.18.1/STM32CubeIDE/plugins/com.st.stm32cube.ide.mcu.externaltools.gnu-tools-for-stm32.13.3.rel1.win32_1.0.0.202411081344/tools/bin/../lib/gcc/arm-none-eabi/13.3.1/../../../../arm-none-eabi/lib/thumb/v8-m.main+fp/hard\libc_nano.a(libc_a-init.o)
 .ARM.attributes
                0x000002fc       0x26 C:/ST/STM32CubeIDE_1.18.1/STM32CubeIDE/plugins/com.st.stm32cube.ide.mcu.externaltools.gnu-tools-for-stm32.13.3.rel1.win32_1.0.0.202411081344/tools/bin/../lib/gcc/arm-none-eabi/13.3.1/thumb/v8-m.main+fp/hard/crtn.o
OUTPUT(app2_LED.elf elf32-littlearm)
LOAD linker stubs
LOAD C:/ST/STM32CubeIDE_1.18.1/STM32CubeIDE/plugins/com.st.stm32cube.ide.mcu.externaltools.gnu-tools-for-stm32.13.3.rel1.win32_1.0.0.202411081344/tools/bin/../lib/gcc/arm-none-eabi/13.3.1/../../../../arm-none-eabi/lib/thumb/v8-m.main+fp/hard\libc.a
LOAD C:/ST/STM32CubeIDE_1.18.1/STM32CubeIDE/plugins/com.st.stm32cube.ide.mcu.externaltools.gnu-tools-for-stm32.13.3.rel1.win32_1.0.0.202411081344/tools/bin/../lib/gcc/arm-none-eabi/13.3.1/../../../../arm-none-eabi/lib/thumb/v8-m.main+fp/hard\libm.a
LOAD C:/ST/STM32CubeIDE_1.18.1/STM32CubeIDE/plugins/com.st.stm32cube.ide.mcu.externaltools.gnu-tools-for-stm32.13.3.rel1.win32_1.0.0.202411081344/tools/bin/../lib/gcc/arm-none-eabi/13.3.1/thumb/v8-m.main+fp/hard\libgcc.a

.debug_info     0x00000000     0x683f
 .debug_info    0x00000000     0x1298 ./Core/Src/main.o
 .debug_info    0x00001298       0x9f ./Core/Src/stm32h5xx_hal_msp.o
 .debug_info    0x00001337      0x128 ./Core/Src/stm32h5xx_it.o
 .debug_info    0x0000145f      0xd8e ./Core/Src/system_stm32h5xx.o
 .debug_info    0x000021ed       0x30 ./Core/Startup/startup_stm32h563zitx.o
 .debug_info    0x0000221d     0x139f ./Drivers/STM32H5xx_HAL_Driver/Src/stm32h5xx_hal.o
 .debug_info    0x000035bc     0x1658 ./Drivers/STM32H5xx_HAL_Driver/Src/stm32h5xx_hal_cortex.o
 .debug_info    0x00004c14      0x6b6 ./Drivers/STM32H5xx_HAL_Driver/Src/stm32h5xx_hal_gpio.o
 .debug_info    0x000052ca      0x4d6 ./Drivers/STM32H5xx_HAL_Driver/Src/stm32h5xx_hal_icache.o
 .debug_info    0x000057a0     0x109f ./Drivers/STM32H5xx_HAL_Driver/Src/stm32h5xx_hal_rcc.o

.debug_abbrev   0x00000000     0x10ca
 .debug_abbrev  0x00000000      0x261 ./Core/Src/main.o
 .debug_abbrev  0x00000261       0x45 ./Core/Src/stm32h5xx_hal_msp.o
 .debug_abbrev  0x000002a6       0x73 ./Core/Src/stm32h5xx_it.o
 .debug_abbrev  0x00000319      0x13a ./Core/Src/system_stm32h5xx.o
 .debug_abbrev  0x00000453       0x24 ./Core/Startup/startup_stm32h563zitx.o
 .debug_abbrev  0x00000477      0x2af ./Drivers/STM32H5xx_HAL_Driver/Src/stm32h5xx_hal.o
 .debug_abbrev  0x00000726      0x311 ./Drivers/STM32H5xx_HAL_Driver/Src/stm32h5xx_hal_cortex.o
 .debug_abbrev  0x00000a37      0x1db ./Drivers/STM32H5xx_HAL_Driver/Src/stm32h5xx_hal_gpio.o
 .debug_abbrev  0x00000c12      0x228 ./Drivers/STM32H5xx_HAL_Driver/Src/stm32h5xx_hal_icache.o
 .debug_abbrev  0x00000e3a      0x290 ./Drivers/STM32H5xx_HAL_Driver/Src/stm32h5xx_hal_rcc.o

.debug_aranges  0x00000000      0x610
 .debug_aranges
                0x00000000       0x40 ./Core/Src/main.o
 .debug_aranges
                0x00000040       0x20 ./Core/Src/stm32h5xx_hal_msp.o
 .debug_aranges
                0x00000060       0x60 ./Core/Src/stm32h5xx_it.o
 .debug_aranges
                0x000000c0       0x28 ./Core/Src/system_stm32h5xx.o
 .debug_aranges
                0x000000e8       0x28 ./Core/Startup/startup_stm32h563zitx.o
 .debug_aranges
                0x00000110      0x200 ./Drivers/STM32H5xx_HAL_Driver/Src/stm32h5xx_hal.o
 .debug_aranges
                0x00000310      0x140 ./Drivers/STM32H5xx_HAL_Driver/Src/stm32h5xx_hal_cortex.o
 .debug_aranges
                0x00000450       0x78 ./Drivers/STM32H5xx_HAL_Driver/Src/stm32h5xx_hal_gpio.o
 .debug_aranges
                0x000004c8       0xa8 ./Drivers/STM32H5xx_HAL_Driver/Src/stm32h5xx_hal_icache.o
 .debug_aranges
                0x00000570       0xa0 ./Drivers/STM32H5xx_HAL_Driver/Src/stm32h5xx_hal_rcc.o

.debug_rnglists
                0x00000000      0x469
 .debug_rnglists
                0x00000000       0x2c ./Core/Src/main.o
 .debug_rnglists
                0x0000002c       0x13 ./Core/Src/stm32h5xx_hal_msp.o
 .debug_rnglists
                0x0000003f       0x43 ./Core/Src/stm32h5xx_it.o
 .debug_rnglists
                0x00000082       0x1b ./Core/Src/system_stm32h5xx.o
 .debug_rnglists
                0x0000009d       0x19 ./Core/Startup/startup_stm32h563zitx.o
 .debug_rnglists
                0x000000b6      0x17d ./Drivers/STM32H5xx_HAL_Driver/Src/stm32h5xx_hal.o
 .debug_rnglists
                0x00000233       0xec ./Drivers/STM32H5xx_HAL_Driver/Src/stm32h5xx_hal_cortex.o
 .debug_rnglists
                0x0000031f       0x57 ./Drivers/STM32H5xx_HAL_Driver/Src/stm32h5xx_hal_gpio.o
 .debug_rnglists
                0x00000376       0x7a ./Drivers/STM32H5xx_HAL_Driver/Src/stm32h5xx_hal_icache.o
 .debug_rnglists
                0x000003f0       0x79 ./Drivers/STM32H5xx_HAL_Driver/Src/stm32h5xx_hal_rcc.o

.debug_macro    0x00000000    0x2f141
 .debug_macro   0x00000000      0x259 ./Core/Src/main.o
 .debug_macro   0x00000259      0xade ./Core/Src/main.o
 .debug_macro   0x00000d37      0x1c4 ./Core/Src/main.o
 .debug_macro   0x00000efb       0x22 ./Core/Src/main.o
 .debug_macro   0x00000f1d       0x5b ./Core/Src/main.o
 .debug_macro   0x00000f78       0x2a ./Core/Src/main.o
 .debug_macro   0x00000fa2       0x94 ./Core/Src/main.o
 .debug_macro   0x00001036       0x43 ./Core/Src/main.o
 .debug_macro   0x00001079       0x34 ./Core/Src/main.o
 .debug_macro   0x000010ad      0x190 ./Core/Src/main.o
 .debug_macro   0x0000123d       0x57 ./Core/Src/main.o
 .debug_macro   0x00001294      0x370 ./Core/Src/main.o
 .debug_macro   0x00001604       0x16 ./Core/Src/main.o
 .debug_macro   0x0000161a       0x4a ./Core/Src/main.o
 .debug_macro   0x00001664       0x34 ./Core/Src/main.o
 .debug_macro   0x00001698       0x10 ./Core/Src/main.o
 .debug_macro   0x000016a8       0x58 ./Core/Src/main.o
 .debug_macro   0x00001700       0x8e ./Core/Src/main.o
 .debug_macro   0x0000178e       0x1c ./Core/Src/main.o
 .debug_macro   0x000017aa      0x185 ./Core/Src/main.o
 .debug_macro   0x0000192f      0x19b ./Core/Src/main.o
 .debug_macro   0x00001aca       0x28 ./Core/Src/main.o
 .debug_macro   0x00001af2       0x49 ./Core/Src/main.o
 .debug_macro   0x00001b3b      0x103 ./Core/Src/main.o
 .debug_macro   0x00001c3e       0x6a ./Core/Src/main.o
 .debug_macro   0x00001ca8      0x1df ./Core/Src/main.o
 .debug_macro   0x00001e87       0x1c ./Core/Src/main.o
 .debug_macro   0x00001ea3       0x29 ./Core/Src/main.o
 .debug_macro   0x00001ecc       0xfb ./Core/Src/main.o
 .debug_macro   0x00001fc7     0x1685 ./Core/Src/main.o
 .debug_macro   0x0000364c       0x5e ./Core/Src/main.o
 .debug_macro   0x000036aa    0x2124a ./Core/Src/main.o
 .debug_macro   0x000248f4       0x6d ./Core/Src/main.o
 .debug_macro   0x00024961     0x388a ./Core/Src/main.o
 .debug_macro   0x000281eb       0x63 ./Core/Src/main.o
 .debug_macro   0x0002824e     0x1f0d ./Core/Src/main.o
 .debug_macro   0x0002a15b      0xe96 ./Core/Src/main.o
 .debug_macro   0x0002aff1      0x166 ./Core/Src/main.o
 .debug_macro   0x0002b157      0x300 ./Core/Src/main.o
 .debug_macro   0x0002b457       0xca ./Core/Src/main.o
 .debug_macro   0x0002b521      0x917 ./Core/Src/main.o
 .debug_macro   0x0002be38      0x478 ./Core/Src/main.o
 .debug_macro   0x0002c2b0       0xd6 ./Core/Src/main.o
 .debug_macro   0x0002c386      0x1cd ./Core/Src/main.o
 .debug_macro   0x0002c553      0x55b ./Core/Src/main.o
 .debug_macro   0x0002caae      0x638 ./Core/Src/main.o
 .debug_macro   0x0002d0e6       0x7b ./Core/Src/main.o
 .debug_macro   0x0002d161      0x313 ./Core/Src/main.o
 .debug_macro   0x0002d474      0x1bb ./Core/Src/main.o
 .debug_macro   0x0002d62f      0x2a7 ./Core/Src/main.o
 .debug_macro   0x0002d8d6      0x4ee ./Core/Src/main.o
 .debug_macro   0x0002ddc4      0x259 ./Core/Src/stm32h5xx_hal_msp.o
 .debug_macro   0x0002e01d      0x263 ./Core/Src/stm32h5xx_it.o
 .debug_macro   0x0002e280      0x256 ./Core/Src/system_stm32h5xx.o
 .debug_macro   0x0002e4d6      0x285 ./Drivers/STM32H5xx_HAL_Driver/Src/stm32h5xx_hal.o
 .debug_macro   0x0002e75b      0x24f ./Drivers/STM32H5xx_HAL_Driver/Src/stm32h5xx_hal_cortex.o
 .debug_macro   0x0002e9aa      0x285 ./Drivers/STM32H5xx_HAL_Driver/Src/stm32h5xx_hal_gpio.o
 .debug_macro   0x0002ec2f      0x281 ./Drivers/STM32H5xx_HAL_Driver/Src/stm32h5xx_hal_icache.o
 .debug_macro   0x0002eeb0      0x291 ./Drivers/STM32H5xx_HAL_Driver/Src/stm32h5xx_hal_rcc.o

.debug_line     0x00000000     0x6d7b
 .debug_line    0x00000000      0x93b ./Core/Src/main.o
 .debug_line    0x0000093b      0x82c ./Core/Src/stm32h5xx_hal_msp.o
 .debug_line    0x00001167      0x8df ./Core/Src/stm32h5xx_it.o
 .debug_line    0x00001a46      0x9b4 ./Core/Src/system_stm32h5xx.o
 .debug_line    0x000023fa       0x7b ./Core/Startup/startup_stm32h563zitx.o
 .debug_line    0x00002475      0xf54 ./Drivers/STM32H5xx_HAL_Driver/Src/stm32h5xx_hal.o
 .debug_line    0x000033c9      0xe83 ./Drivers/STM32H5xx_HAL_Driver/Src/stm32h5xx_hal_cortex.o
 .debug_line    0x0000424c      0xc3d ./Drivers/STM32H5xx_HAL_Driver/Src/stm32h5xx_hal_gpio.o
 .debug_line    0x00004e89      0xb26 ./Drivers/STM32H5xx_HAL_Driver/Src/stm32h5xx_hal_icache.o
 .debug_line    0x000059af     0x13cc ./Drivers/STM32H5xx_HAL_Driver/Src/stm32h5xx_hal_rcc.o

.debug_str      0x00000000   0x12a092
 .debug_str     0x00000000   0x12a092 ./Core/Src/main.o
                             0x128083 (size before relaxing)
 .debug_str     0x0012a092   0x127705 ./Core/Src/stm32h5xx_hal_msp.o
 .debug_str     0x0012a092   0x1277a2 ./Core/Src/stm32h5xx_it.o
 .debug_str     0x0012a092   0x127d8c ./Core/Src/system_stm32h5xx.o
 .debug_str     0x0012a092       0x63 ./Core/Startup/startup_stm32h563zitx.o
 .debug_str     0x0012a092   0x128bd8 ./Drivers/STM32H5xx_HAL_Driver/Src/stm32h5xx_hal.o
 .debug_str     0x0012a092   0x128767 ./Drivers/STM32H5xx_HAL_Driver/Src/stm32h5xx_hal_cortex.o
 .debug_str     0x0012a092   0x127af1 ./Drivers/STM32H5xx_HAL_Driver/Src/stm32h5xx_hal_gpio.o
 .debug_str     0x0012a092   0x127e1a ./Drivers/STM32H5xx_HAL_Driver/Src/stm32h5xx_hal_icache.o
 .debug_str     0x0012a092   0x1282d1 ./Drivers/STM32H5xx_HAL_Driver/Src/stm32h5xx_hal_rcc.o

.comment        0x00000000       0x43
 .comment       0x00000000       0x43 ./Core/Src/main.o
                                 0x44 (size before relaxing)
 .comment       0x00000043       0x44 ./Core/Src/stm32h5xx_hal_msp.o
 .comment       0x00000043       0x44 ./Core/Src/stm32h5xx_it.o
 .comment       0x00000043       0x44 ./Core/Src/system_stm32h5xx.o
 .comment       0x00000043       0x44 ./Drivers/STM32H5xx_HAL_Driver/Src/stm32h5xx_hal.o
 .comment       0x00000043       0x44 ./Drivers/STM32H5xx_HAL_Driver/Src/stm32h5xx_hal_cortex.o
 .comment       0x00000043       0x44 ./Drivers/STM32H5xx_HAL_Driver/Src/stm32h5xx_hal_gpio.o
 .comment       0x00000043       0x44 ./Drivers/STM32H5xx_HAL_Driver/Src/stm32h5xx_hal_icache.o
 .comment       0x00000043       0x44 ./Drivers/STM32H5xx_HAL_Driver/Src/stm32h5xx_hal_rcc.o

.debug_frame    0x00000000     0x1700
 .debug_frame   0x00000000       0xac ./Core/Src/main.o
 .debug_frame   0x000000ac       0x30 ./Core/Src/stm32h5xx_hal_msp.o
 .debug_frame   0x000000dc      0x104 ./Core/Src/stm32h5xx_it.o
 .debug_frame   0x000001e0       0x60 ./Core/Src/system_stm32h5xx.o
 .debug_frame   0x00000240      0x828 ./Drivers/STM32H5xx_HAL_Driver/Src/stm32h5xx_hal.o
 .debug_frame   0x00000a68      0x560 ./Drivers/STM32H5xx_HAL_Driver/Src/stm32h5xx_hal_cortex.o
 .debug_frame   0x00000fc8      0x1ec ./Drivers/STM32H5xx_HAL_Driver/Src/stm32h5xx_hal_gpio.o
 .debug_frame   0x000011b4      0x298 ./Drivers/STM32H5xx_HAL_Driver/Src/stm32h5xx_hal_icache.o
 .debug_frame   0x0000144c      0x268 ./Drivers/STM32H5xx_HAL_Driver/Src/stm32h5xx_hal_rcc.o
 .debug_frame   0x000016b4       0x20 C:/ST/STM32CubeIDE_1.18.1/STM32CubeIDE/plugins/com.st.stm32cube.ide.mcu.externaltools.gnu-tools-for-stm32.13.3.rel1.win32_1.0.0.202411081344/tools/bin/../lib/gcc/arm-none-eabi/13.3.1/../../../../arm-none-eabi/lib/thumb/v8-m.main+fp/hard\libc_nano.a(libc_a-memset.o)
 .debug_frame   0x000016d4       0x2c C:/ST/STM32CubeIDE_1.18.1/STM32CubeIDE/plugins/com.st.stm32cube.ide.mcu.externaltools.gnu-tools-for-stm32.13.3.rel1.win32_1.0.0.202411081344/tools/bin/../lib/gcc/arm-none-eabi/13.3.1/../../../../arm-none-eabi/lib/thumb/v8-m.main+fp/hard\libc_nano.a(libc_a-init.o)

.debug_line_str
                0x00000000       0x47
 .debug_line_str
                0x00000000       0x47 ./Core/Startup/startup_stm32h563zitx.o
